A01
B02
C03
D04
E05
F06
G07
H08
I09
J10
A011
B021
C031
D041
E051
F061
G071
H081
I091
J101
