23,39 15,39
Not found
*********
12,37 8,41
26,53 26,49
1,2 1,6
23,21 25,21