3
-1
11
13612
-1
-1
334393676970
763788741296625
63541049767781559
7560903525296954935
