31.992470
29.760950
162.498823
470.436785
708.104955
